// Jest Snapshot v1, https://goo.gl/fbAQLP

exports[`DynamicRoute should render 1`] = `
<ErrorBoundary>
  <Suspense
    fallback={<Loader />}
  >
    <lazy />
  </Suspense>
</ErrorBoundary>
`;
